eeschema (2013-07-07 BZR 4022)-stable  >> Creation date: 1/10/2014 3:06:45 PM
#Cmp ( order = Reference )
| BT1        BATT_RTC    
| C1         100nF       
| C2         100pF       
| C3         100pF       
| C4         22pF        
| C5         100nF       
| C6         22pF        
| C7         100nF       
| C8         100nF       
| C9         1000uF, 8V  
| C10        100nF       
| C11        100n        
| C12        100n        
| C13        100n        
| C14        100n        
| C15        100n        
| C16        100n        
| C17        100n        
| C18        100n        
| C19        100n        
| C20        100n        
| C21        100n        
| C22        100n        
| C23        100n        
| C24        100n        
| C25        100n        
| C26        100n        
| C27        100n        
| C28        100n        
| C29        100n        
| C30        100n        
| C31        100n        
| C32        100n        
| C33        100n        
| C34        100n        
| C35        100n        
| C36        100n        
| C37        100n        
| C38        100n        
| C39        100n        
| C40        100n        
| C41        100n        
| C42        100n        
| C43        100n        
| C44        100n        
| C45        100n        
| C46        100n        
| C47        100n        
| C48        100n        
| C49        100n        
| C50        100n        
| C51        100n        
| C52        100n        
| C53        100n        
| C54        100n        
| C55        100n        
| C56        100n        
| C57        100n        
| C58        100n        
| C59        100n        
| C60        100n        
| C61        100n        
| C62        100n        
| C63        100n        
| C64        100n        
| C65        100n        
| C66        100n        
| C67        100n        
| C68        100n        
| C69        100n        
| C70        100n        
| C71        100n        
| C72        100n        
| C73        100n        
| C74        100n        
| C75        100n        
| C76        100n        
| C77        100n        
| C78        100n        
| C79        100n        
| C80        100n        
| C81        100n        
| C82        100n        
| C83        100n        
| C84        100n        
| C85        100n        
| C86        100n        
| C87        100n        
| C88        100n        
| C89        100n        
| C90        100n        
| C91        100n        
| C92        100n        
| C93        100n        
| C94        100n        
| C95        100n        
| C96        100n        
| C97        100n        
| C98        100n        
| C99        100n        
| C100       100n        
| C101       100n        
| C102       100n        
| C103       100n        
| C104       100n        
| C105       100n        
| C106       100n        
| C107       100n        
| C108       100n        
| C109       100n        
| C110       100n        
| C111       100n        
| C112       100n        
| C113       100n        
| C114       100n        
| C115       100n        
| C116       100n        
| C117       100n        
| C118       100n        
| C119       100n        
| C120       100n        
| C121       100n        
| C122       100n        
| C123       100n        
| C124       100n        
| C125       100n        
| C126       100n        
| C127       100n        
| C128       100n        
| C129       100n        
| C130       100n        
| C131       100n        
| C132       100n        
| C133       100n        
| C134       100n        
| C135       100n        
| C136       100n        
| C137       100n        
| C138       100n        
| C139       100n        
| C140       100n        
| C141       100n        
| C142       100n        
| C143       100n        
| C144       100n        
| C145       100n        
| C146       100n        
| C147       100n        
| C148       100n        
| C149       100n        
| C150       100n        
| C151       100n        
| C152       100n        
| C153       100n        
| C154       100n        
| C155       100n        
| C156       100n        
| C157       100n        
| C158       100n        
| C159       100n        
| C160       100n        
| C161       100n        
| C162       100n        
| C163       100n        
| C164       100n        
| C165       100n        
| C166       100n        
| C167       100n        
| C168       100n        
| C169       100n        
| C170       100n        
| C171       100n        
| C172       100n        
| C173       100n        
| C174       100n        
| C175       100n        
| C176       100n        
| C177       100n        
| C178       100n        
| C179       100n        
| C180       100n        
| C181       100n        
| C182       100n        
| C183       100n        
| C184       100n        
| C185       100n        
| C186       100n        
| C187       100n        
| C188       100n        
| C189       100n        
| C190       100n        
| C191       100n        
| C192       100n        
| IC1        ATMEGA328P  
| L1         OSHW        
| L2         Wyolum      
| LDR1       LDR         
| P1         CONN_1      
| P2         CONN_1      
| P3         ICSP        
| P4         FTDI        
| P5         LDR_header  
| R1         500R        
| R2         10k         
| R3         1M          
| R4         1M          
| R5         10k         
| R6         10K         
| R7         10K         
| R8         4k7         
| R9         4k7         
| S1         CONN_1      
| S2         CONN_1      
| S3         CONN_1      
| S4         CONN_1      
| SW1        SW_RST      
| U1         DS3231N     
| U2         RGB_WS2812B 
| U3         RGB_WS2812B 
| U4         RGB_WS2812B 
| U5         RGB_WS2812B 
| U6         RGB_WS2812B 
| U7         RGB_WS2812B 
| U8         RGB_WS2812B 
| U9         RGB_WS2812B 
| U10        RGB_WS2812B 
| U11        RGB_WS2812B 
| U12        RGB_WS2812B 
| U13        RGB_WS2812B 
| U14        RGB_WS2812B 
| U15        RGB_WS2812B 
| U16        RGB_WS2812B 
| U17        RGB_WS2812B 
| U18        RGB_WS2812B 
| U19        RGB_WS2812B 
| U20        RGB_WS2812B 
| U21        RGB_WS2812B 
| U22        RGB_WS2812B 
| U23        RGB_WS2812B 
| U24        RGB_WS2812B 
| U25        RGB_WS2812B 
| U26        RGB_WS2812B 
| U27        RGB_WS2812B 
| U28        RGB_WS2812B 
| U29        RGB_WS2812B 
| U30        RGB_WS2812B 
| U31        RGB_WS2812B 
| U32        RGB_WS2812B 
| U33        RGB_WS2812B 
| U34        RGB_WS2812B 
| U35        RGB_WS2812B 
| U36        RGB_WS2812B 
| U37        RGB_WS2812B 
| U38        RGB_WS2812B 
| U39        RGB_WS2812B 
| U40        RGB_WS2812B 
| U41        RGB_WS2812B 
| U42        RGB_WS2812B 
| U43        RGB_WS2812B 
| U44        RGB_WS2812B 
| U45        RGB_WS2812B 
| U46        RGB_WS2812B 
| U47        RGB_WS2812B 
| U48        RGB_WS2812B 
| U49        RGB_WS2812B 
| U50        RGB_WS2812B 
| U51        RGB_WS2812B 
| U52        RGB_WS2812B 
| U53        RGB_WS2812B 
| U54        RGB_WS2812B 
| U55        RGB_WS2812B 
| U56        RGB_WS2812B 
| U57        RGB_WS2812B 
| U58        RGB_WS2812B 
| U59        RGB_WS2812B 
| U60        RGB_WS2812B 
| U61        RGB_WS2812B 
| U62        RGB_WS2812B 
| U63        RGB_WS2812B 
| U64        RGB_WS2812B 
| U65        RGB_WS2812B 
| U66        RGB_WS2812B 
| U67        RGB_WS2812B 
| U68        RGB_WS2812B 
| U69        RGB_WS2812B 
| U70        RGB_WS2812B 
| U71        RGB_WS2812B 
| U72        RGB_WS2812B 
| U73        RGB_WS2812B 
| U74        RGB_WS2812B 
| U75        RGB_WS2812B 
| U76        RGB_WS2812B 
| U77        RGB_WS2812B 
| U78        RGB_WS2812B 
| U79        RGB_WS2812B 
| U80        RGB_WS2812B 
| U81        RGB_WS2812B 
| U82        RGB_WS2812B 
| U83        RGB_WS2812B 
| U84        RGB_WS2812B 
| U85        RGB_WS2812B 
| U86        RGB_WS2812B 
| U87        RGB_WS2812B 
| U88        RGB_WS2812B 
| U89        RGB_WS2812B 
| U90        RGB_WS2812B 
| U91        RGB_WS2812B 
| U92        RGB_WS2812B 
| U93        RGB_WS2812B 
| U94        RGB_WS2812B 
| U95        RGB_WS2812B 
| U96        RGB_WS2812B 
| U97        RGB_WS2812B 
| U98        RGB_WS2812B 
| U99        RGB_WS2812B 
| U100       RGB_WS2812B 
| U101       RGB_WS2812B 
| U102       RGB_WS2812B 
| U103       RGB_WS2812B 
| U104       RGB_WS2812B 
| U105       RGB_WS2812B 
| U106       RGB_WS2812B 
| U107       RGB_WS2812B 
| U108       RGB_WS2812B 
| U109       RGB_WS2812B 
| U110       RGB_WS2812B 
| U111       RGB_WS2812B 
| U112       RGB_WS2812B 
| U113       RGB_WS2812B 
| U114       RGB_WS2812B 
| U115       RGB_WS2812B 
| U116       RGB_WS2812B 
| U117       RGB_WS2812B 
| U118       RGB_WS2812B 
| U119       RGB_WS2812B 
| U120       RGB_WS2812B 
| U121       RGB_WS2812B 
| U122       RGB_WS2812B 
| U123       RGB_WS2812B 
| U124       RGB_WS2812B 
| U125       RGB_WS2812B 
| U126       RGB_WS2812B 
| U127       RGB_WS2812B 
| U128       RGB_WS2812B 
| U129       RGB_WS2812B 
| U130       RGB_WS2812B 
| U131       RGB_WS2812B 
| U132       RGB_WS2812B 
| U133       RGB_WS2812B 
| U134       RGB_WS2812B 
| U135       RGB_WS2812B 
| U136       RGB_WS2812B 
| U137       RGB_WS2812B 
| U138       RGB_WS2812B 
| U139       RGB_WS2812B 
| U140       RGB_WS2812B 
| U141       RGB_WS2812B 
| U142       RGB_WS2812B 
| U143       RGB_WS2812B 
| U144       RGB_WS2812B 
| U145       RGB_WS2812B 
| U146       RGB_WS2812B 
| U147       RGB_WS2812B 
| U148       RGB_WS2812B 
| U149       RGB_WS2812B 
| U150       RGB_WS2812B 
| U151       RGB_WS2812B 
| U152       RGB_WS2812B 
| U153       RGB_WS2812B 
| U154       RGB_WS2812B 
| U155       RGB_WS2812B 
| U156       RGB_WS2812B 
| U157       RGB_WS2812B 
| U158       RGB_WS2812B 
| U159       RGB_WS2812B 
| U160       RGB_WS2812B 
| U161       RGB_WS2812B 
| U162       RGB_WS2812B 
| U163       RGB_WS2812B 
| U164       RGB_WS2812B 
| U165       RGB_WS2812B 
| U166       RGB_WS2812B 
| U167       RGB_WS2812B 
| U168       RGB_WS2812B 
| U169       RGB_WS2812B 
| U170       RGB_WS2812B 
| U171       RGB_WS2812B 
| U172       RGB_WS2812B 
| U173       RGB_WS2812B 
| U174       RGB_WS2812B 
| U175       RGB_WS2812B 
| U176       RGB_WS2812B 
| U177       RGB_WS2812B 
| U178       RGB_WS2812B 
| U179       RGB_WS2812B 
| U180       RGB_WS2812B 
| U181       RGB_WS2812B 
| U182       RGB_WS2812B 
| U183       RGB_WS2812B 
| X1         16MHz       
#End Cmp

#Cmp ( order = Value )
| BATT_RTC     BT1       
| 22pF         C4        
| 22pF         C6        
| 100pF        C2        
| 100pF        C3        
| 100nF        C1        
| 100nF        C5        
| 100nF        C7        
| 100nF        C8        
| 100nF        C10       
| 100n         C11       
| 100n         C12       
| 100n         C13       
| 100n         C14       
| 100n         C15       
| 100n         C16       
| 100n         C17       
| 100n         C18       
| 100n         C19       
| 100n         C20       
| 100n         C21       
| 100n         C22       
| 100n         C23       
| 100n         C24       
| 100n         C25       
| 100n         C26       
| 100n         C27       
| 100n         C28       
| 100n         C29       
| 100n         C30       
| 100n         C31       
| 100n         C32       
| 100n         C33       
| 100n         C34       
| 100n         C35       
| 100n         C36       
| 100n         C37       
| 100n         C38       
| 100n         C39       
| 100n         C40       
| 100n         C41       
| 100n         C42       
| 100n         C43       
| 100n         C44       
| 100n         C45       
| 100n         C46       
| 100n         C47       
| 100n         C48       
| 100n         C49       
| 100n         C50       
| 100n         C51       
| 100n         C52       
| 100n         C53       
| 100n         C54       
| 100n         C55       
| 100n         C56       
| 100n         C57       
| 100n         C58       
| 100n         C59       
| 100n         C60       
| 100n         C61       
| 100n         C62       
| 100n         C63       
| 100n         C64       
| 100n         C65       
| 100n         C66       
| 100n         C67       
| 100n         C68       
| 100n         C69       
| 100n         C70       
| 100n         C71       
| 100n         C72       
| 100n         C73       
| 100n         C74       
| 100n         C75       
| 100n         C76       
| 100n         C77       
| 100n         C78       
| 100n         C79       
| 100n         C80       
| 100n         C81       
| 100n         C82       
| 100n         C83       
| 100n         C84       
| 100n         C85       
| 100n         C86       
| 100n         C87       
| 100n         C88       
| 100n         C89       
| 100n         C90       
| 100n         C91       
| 100n         C92       
| 100n         C93       
| 100n         C94       
| 100n         C95       
| 100n         C96       
| 100n         C97       
| 100n         C98       
| 100n         C99       
| 100n         C100      
| 100n         C101      
| 100n         C102      
| 100n         C103      
| 100n         C104      
| 100n         C105      
| 100n         C106      
| 100n         C107      
| 100n         C108      
| 100n         C109      
| 100n         C110      
| 100n         C111      
| 100n         C112      
| 100n         C113      
| 100n         C114      
| 100n         C115      
| 100n         C116      
| 100n         C117      
| 100n         C118      
| 100n         C119      
| 100n         C120      
| 100n         C121      
| 100n         C122      
| 100n         C123      
| 100n         C124      
| 100n         C125      
| 100n         C126      
| 100n         C127      
| 100n         C128      
| 100n         C129      
| 100n         C130      
| 100n         C131      
| 100n         C132      
| 100n         C133      
| 100n         C134      
| 100n         C135      
| 100n         C136      
| 100n         C137      
| 100n         C138      
| 100n         C139      
| 100n         C140      
| 100n         C141      
| 100n         C142      
| 100n         C143      
| 100n         C144      
| 100n         C145      
| 100n         C146      
| 100n         C147      
| 100n         C148      
| 100n         C149      
| 100n         C150      
| 100n         C151      
| 100n         C152      
| 100n         C153      
| 100n         C154      
| 100n         C155      
| 100n         C156      
| 100n         C157      
| 100n         C158      
| 100n         C159      
| 100n         C160      
| 100n         C161      
| 100n         C162      
| 100n         C163      
| 100n         C164      
| 100n         C165      
| 100n         C166      
| 100n         C167      
| 100n         C168      
| 100n         C169      
| 100n         C170      
| 100n         C171      
| 100n         C172      
| 100n         C173      
| 100n         C174      
| 100n         C175      
| 100n         C176      
| 100n         C177      
| 100n         C178      
| 100n         C179      
| 100n         C180      
| 100n         C181      
| 100n         C182      
| 100n         C183      
| 100n         C184      
| 100n         C185      
| 100n         C186      
| 100n         C187      
| 100n         C188      
| 100n         C189      
| 100n         C190      
| 100n         C191      
| 100n         C192      
| 1000uF, 8V   C9        
| ATMEGA328P   IC1       
| Wyolum       L2        
| OSHW         L1        
| LDR          LDR1      
| CONN_1       P1        
| CONN_1       P2        
| ICSP         P3        
| FTDI         P4        
| LDR_header   P5        
| 500R         R1        
| 4k7          R8        
| 4k7          R9        
| 10k          R2        
| 10k          R5        
| 10K          R6        
| 10K          R7        
| 1M           R3        
| 1M           R4        
| CONN_1       S1        
| CONN_1       S2        
| CONN_1       S3        
| CONN_1       S4        
| SW_RST       SW1       
| RGB_WS2812B  U2        
| RGB_WS2812B  U3        
| RGB_WS2812B  U4        
| RGB_WS2812B  U5        
| RGB_WS2812B  U6        
| RGB_WS2812B  U7        
| RGB_WS2812B  U8        
| RGB_WS2812B  U9        
| RGB_WS2812B  U10       
| RGB_WS2812B  U11       
| RGB_WS2812B  U12       
| RGB_WS2812B  U13       
| RGB_WS2812B  U14       
| RGB_WS2812B  U15       
| RGB_WS2812B  U16       
| RGB_WS2812B  U17       
| RGB_WS2812B  U18       
| RGB_WS2812B  U19       
| RGB_WS2812B  U20       
| RGB_WS2812B  U21       
| RGB_WS2812B  U22       
| RGB_WS2812B  U23       
| RGB_WS2812B  U24       
| RGB_WS2812B  U25       
| RGB_WS2812B  U26       
| RGB_WS2812B  U27       
| RGB_WS2812B  U28       
| RGB_WS2812B  U29       
| RGB_WS2812B  U30       
| RGB_WS2812B  U31       
| RGB_WS2812B  U32       
| RGB_WS2812B  U33       
| RGB_WS2812B  U34       
| RGB_WS2812B  U35       
| RGB_WS2812B  U36       
| RGB_WS2812B  U37       
| RGB_WS2812B  U38       
| RGB_WS2812B  U39       
| RGB_WS2812B  U40       
| RGB_WS2812B  U41       
| RGB_WS2812B  U42       
| RGB_WS2812B  U43       
| RGB_WS2812B  U44       
| RGB_WS2812B  U45       
| RGB_WS2812B  U46       
| RGB_WS2812B  U47       
| RGB_WS2812B  U48       
| RGB_WS2812B  U49       
| RGB_WS2812B  U50       
| RGB_WS2812B  U51       
| RGB_WS2812B  U52       
| RGB_WS2812B  U53       
| RGB_WS2812B  U54       
| RGB_WS2812B  U55       
| RGB_WS2812B  U56       
| RGB_WS2812B  U57       
| RGB_WS2812B  U58       
| RGB_WS2812B  U59       
| RGB_WS2812B  U60       
| RGB_WS2812B  U61       
| RGB_WS2812B  U62       
| RGB_WS2812B  U63       
| RGB_WS2812B  U64       
| RGB_WS2812B  U65       
| RGB_WS2812B  U66       
| RGB_WS2812B  U67       
| RGB_WS2812B  U68       
| RGB_WS2812B  U69       
| RGB_WS2812B  U70       
| RGB_WS2812B  U71       
| RGB_WS2812B  U72       
| RGB_WS2812B  U73       
| RGB_WS2812B  U74       
| RGB_WS2812B  U75       
| RGB_WS2812B  U76       
| RGB_WS2812B  U77       
| RGB_WS2812B  U78       
| RGB_WS2812B  U79       
| RGB_WS2812B  U80       
| RGB_WS2812B  U81       
| RGB_WS2812B  U82       
| RGB_WS2812B  U83       
| RGB_WS2812B  U84       
| RGB_WS2812B  U85       
| RGB_WS2812B  U86       
| RGB_WS2812B  U87       
| RGB_WS2812B  U88       
| RGB_WS2812B  U89       
| RGB_WS2812B  U90       
| RGB_WS2812B  U91       
| RGB_WS2812B  U92       
| RGB_WS2812B  U93       
| RGB_WS2812B  U94       
| RGB_WS2812B  U95       
| RGB_WS2812B  U96       
| RGB_WS2812B  U97       
| RGB_WS2812B  U98       
| RGB_WS2812B  U99       
| RGB_WS2812B  U100      
| RGB_WS2812B  U101      
| RGB_WS2812B  U102      
| RGB_WS2812B  U103      
| RGB_WS2812B  U104      
| RGB_WS2812B  U105      
| RGB_WS2812B  U106      
| RGB_WS2812B  U107      
| RGB_WS2812B  U108      
| RGB_WS2812B  U109      
| RGB_WS2812B  U110      
| RGB_WS2812B  U111      
| RGB_WS2812B  U112      
| RGB_WS2812B  U113      
| RGB_WS2812B  U114      
| RGB_WS2812B  U115      
| RGB_WS2812B  U116      
| RGB_WS2812B  U117      
| RGB_WS2812B  U118      
| RGB_WS2812B  U120      
| RGB_WS2812B  U121      
| RGB_WS2812B  U122      
| RGB_WS2812B  U123      
| RGB_WS2812B  U124      
| RGB_WS2812B  U125      
| RGB_WS2812B  U126      
| RGB_WS2812B  U127      
| RGB_WS2812B  U128      
| RGB_WS2812B  U129      
| RGB_WS2812B  U130      
| RGB_WS2812B  U131      
| RGB_WS2812B  U132      
| RGB_WS2812B  U133      
| RGB_WS2812B  U134      
| RGB_WS2812B  U135      
| RGB_WS2812B  U136      
| RGB_WS2812B  U137      
| RGB_WS2812B  U138      
| RGB_WS2812B  U139      
| RGB_WS2812B  U140      
| RGB_WS2812B  U141      
| RGB_WS2812B  U142      
| RGB_WS2812B  U143      
| RGB_WS2812B  U144      
| RGB_WS2812B  U145      
| RGB_WS2812B  U146      
| RGB_WS2812B  U147      
| RGB_WS2812B  U148      
| RGB_WS2812B  U149      
| RGB_WS2812B  U150      
| RGB_WS2812B  U151      
| RGB_WS2812B  U152      
| RGB_WS2812B  U153      
| RGB_WS2812B  U154      
| RGB_WS2812B  U155      
| RGB_WS2812B  U156      
| RGB_WS2812B  U157      
| RGB_WS2812B  U158      
| RGB_WS2812B  U159      
| RGB_WS2812B  U160      
| RGB_WS2812B  U161      
| RGB_WS2812B  U162      
| RGB_WS2812B  U163      
| RGB_WS2812B  U164      
| RGB_WS2812B  U165      
| RGB_WS2812B  U166      
| RGB_WS2812B  U167      
| RGB_WS2812B  U168      
| RGB_WS2812B  U169      
| RGB_WS2812B  U170      
| RGB_WS2812B  U171      
| RGB_WS2812B  U172      
| RGB_WS2812B  U173      
| RGB_WS2812B  U174      
| RGB_WS2812B  U175      
| RGB_WS2812B  U176      
| RGB_WS2812B  U177      
| RGB_WS2812B  U178      
| RGB_WS2812B  U179      
| RGB_WS2812B  U180      
| RGB_WS2812B  U181      
| RGB_WS2812B  U182      
| RGB_WS2812B  U183      
| DS3231N      U1        
| RGB_WS2812B  U119      
| 16MHz        X1        
#End Cmp

#End List
