eeschema (2013-07-07 BZR 4022)-stable  >> Creation date: 8/10/2014 10:15:59 PM
#Cmp ( order = Reference )
| BT1        BATT_RTC    
| C1         100n        
| C2         100p        
| C3         100n        
| C4         100p        
| C5         22p         
| C6         100n        
| C7         22p         
| C8         100n        
| C9         100n        
| C10        47u         
| C11        100n        
| C12        100n        
| C13        100n        
| C14        100n        
| C15        100n        
| C16        100n        
| C17        100n        
| C18        100n        
| C19        100n        
| C20        100n        
| C21        100n        
| C22        100n        
| C23        100n        
| C24        100n        
| C25        100n        
| C26        100n        
| C27        100n        
| C28        100n        
| C29        100n        
| C30        100n        
| C31        100n        
| C32        100n        
| C33        100n        
| C34        100n        
| C35        100n        
| C36        100n        
| C37        100n        
| C38        100n        
| C39        100n        
| C40        100n        
| C41        100n        
| C42        100n        
| C43        100n        
| C44        100n        
| C45        100n        
| C46        100n        
| C47        100n        
| C48        100n        
| C49        100n        
| C50        100n        
| C51        100n        
| C52        100n        
| C53        100n        
| C54        100n        
| C55        100n        
| C56        100n        
| C57        100n        
| C58        100n        
| C59        100n        
| C60        100n        
| C61        100n        
| C62        100n        
| C63        100n        
| C64        100n        
| C65        100n        
| C66        100n        
| C67        100n        
| C68        100n        
| C69        100n        
| C70        100n        
| C71        100n        
| C72        100n        
| C73        100n        
| C74        100n        
| C75        100n        
| C76        100n        
| C77        100n        
| C78        100n        
| C79        100n        
| C80        100n        
| C81        100n        
| C82        100n        
| C83        100n        
| C84        100n        
| C85        100n        
| C86        100n        
| C87        100n        
| C88        100n        
| C89        100n        
| C90        100n        
| C91        100n        
| C92        100n        
| C93        100n        
| C94        100n        
| C95        100n        
| C96        100n        
| C97        100n        
| C98        100n        
| C99        100n        
| C100       100n        
| C101       100n        
| C102       100n        
| C103       100n        
| C104       100n        
| C105       100n        
| C106       100n        
| C107       100n        
| C108       100n        
| C109       100n        
| C110       100n        
| C111       100n        
| C112       100n        
| C113       100n        
| C114       100n        
| C115       100n        
| C116       100n        
| C117       100n        
| C118       100n        
| C119       100n        
| C120       100n        
| C121       100n        
| C122       100n        
| C123       100n        
| C124       100n        
| C125       100n        
| C126       100n        
| C127       100n        
| C128       100n        
| C129       100n        
| C130       100n        
| C131       100n        
| C132       100n        
| C133       100n        
| C134       100n        
| C135       100n        
| C136       100n        
| C137       100n        
| C138       100n        
| C139       100n        
| C140       100n        
| C141       100n        
| C142       100n        
| C143       100n        
| C144       100n        
| C145       100n        
| C146       100n        
| C147       100n        
| C148       100n        
| C149       100n        
| C150       100n        
| C151       100n        
| C152       100n        
| C153       100n        
| C154       100n        
| C155       100n        
| C156       100n        
| C157       100n        
| C158       100n        
| C159       100n        
| C160       100n        
| C161       100n        
| C162       100n        
| C163       100n        
| C164       100n        
| C165       100n        
| C166       100n        
| C167       100n        
| C168       100n        
| C169       100n        
| C170       100n        
| C171       100n        
| C172       100n        
| C173       100n        
| C174       100n        
| C175       100n        
| C176       100n        
| C177       100n        
| C178       100n        
| C179       100n        
| C180       100n        
| C181       100n        
| C182       100n        
| C183       100n        
| C184       100n        
| C185       100n        
| C186       100n        
| C187       100n        
| C188       100n        
| C189       100n        
| C190       100n        
| C191       100n        
| C192       100n        
| C193       100n        
| C194       47u         
| C195       47u         
| C196       47u         
| L1         OSHW        
| L2         Wyolum      
| LDR1       LDR         
| LED1       WS2812B     
| LED2       WS2812B     
| LED3       WS2812B     
| LED4       WS2812B     
| LED5       WS2812B     
| LED6       WS2812B     
| LED7       WS2812B     
| LED8       WS2812B     
| LED9       WS2812B     
| LED10      WS2812B     
| LED11      WS2812B     
| LED12      WS2812B     
| LED13      WS2812B     
| LED14      WS2812B     
| LED15      WS2812B     
| LED16      WS2812B     
| LED17      WS2812B     
| LED18      WS2812B     
| LED19      WS2812B     
| LED20      WS2812B     
| LED21      WS2812B     
| LED22      WS2812B     
| LED23      WS2812B     
| LED24      WS2812B     
| LED25      WS2812B     
| LED26      WS2812B     
| LED27      WS2812B     
| LED28      WS2812B     
| LED29      WS2812B     
| LED30      WS2812B     
| LED31      WS2812B     
| LED32      WS2812B     
| LED33      WS2812B     
| LED34      WS2812B     
| LED35      WS2812B     
| LED36      WS2812B     
| LED37      WS2812B     
| LED38      WS2812B     
| LED39      WS2812B     
| LED40      WS2812B     
| LED41      WS2812B     
| LED42      WS2812B     
| LED43      WS2812B     
| LED44      WS2812B     
| LED45      WS2812B     
| LED46      WS2812B     
| LED47      WS2812B     
| LED48      WS2812B     
| LED49      WS2812B     
| LED50      WS2812B     
| LED51      WS2812B     
| LED52      WS2812B     
| LED53      WS2812B     
| LED54      WS2812B     
| LED55      WS2812B     
| LED56      WS2812B     
| LED57      WS2812B     
| LED58      WS2812B     
| LED59      WS2812B     
| LED60      WS2812B     
| LED61      WS2812B     
| LED62      WS2812B     
| LED63      WS2812B     
| LED64      WS2812B     
| LED65      WS2812B     
| LED66      WS2812B     
| LED67      WS2812B     
| LED68      WS2812B     
| LED69      WS2812B     
| LED70      WS2812B     
| LED71      WS2812B     
| LED72      WS2812B     
| LED73      WS2812B     
| LED74      WS2812B     
| LED75      WS2812B     
| LED76      WS2812B     
| LED77      WS2812B     
| LED78      WS2812B     
| LED79      WS2812B     
| LED80      WS2812B     
| LED81      WS2812B     
| LED82      WS2812B     
| LED83      WS2812B     
| LED84      WS2812B     
| LED85      WS2812B     
| LED86      WS2812B     
| LED87      WS2812B     
| LED88      WS2812B     
| LED89      WS2812B     
| LED90      WS2812B     
| LED91      WS2812B     
| LED92      WS2812B     
| LED93      WS2812B     
| LED94      WS2812B     
| LED95      WS2812B     
| LED96      WS2812B     
| LED97      WS2812B     
| LED98      WS2812B     
| LED99      WS2812B     
| LED100     WS2812B     
| LED101     WS2812B     
| LED102     WS2812B     
| LED103     WS2812B     
| LED104     WS2812B     
| LED105     WS2812B     
| LED106     WS2812B     
| LED107     WS2812B     
| LED108     WS2812B     
| LED109     WS2812B     
| LED110     WS2812B     
| LED111     WS2812B     
| LED112     WS2812B     
| LED113     WS2812B     
| LED114     WS2812B     
| LED115     WS2812B     
| LED116     WS2812B     
| LED117     WS2812B     
| LED118     WS2812B     
| LED119     WS2812B     
| LED120     WS2812B     
| LED121     WS2812B     
| LED122     WS2812B     
| LED123     WS2812B     
| LED124     WS2812B     
| LED125     WS2812B     
| LED126     WS2812B     
| LED127     WS2812B     
| LED128     WS2812B     
| LED129     WS2812B     
| LED130     WS2812B     
| LED131     WS2812B     
| LED132     WS2812B     
| LED133     WS2812B     
| LED134     WS2812B     
| LED135     WS2812B     
| LED136     WS2812B     
| LED137     WS2812B     
| LED138     WS2812B     
| LED139     WS2812B     
| LED140     WS2812B     
| LED141     WS2812B     
| LED142     WS2812B     
| LED143     WS2812B     
| LED144     WS2812B     
| LED145     WS2812B     
| LED146     WS2812B     
| LED147     WS2812B     
| LED148     WS2812B     
| LED149     WS2812B     
| LED150     WS2812B     
| LED151     WS2812B     
| LED152     WS2812B     
| LED153     WS2812B     
| LED154     WS2812B     
| LED155     WS2812B     
| LED156     WS2812B     
| LED157     WS2812B     
| LED158     WS2812B     
| LED159     WS2812B     
| LED160     WS2812B     
| LED161     WS2812B     
| LED162     WS2812B     
| LED163     WS2812B     
| LED164     WS2812B     
| LED165     WS2812B     
| LED166     WS2812B     
| LED167     WS2812B     
| LED168     WS2812B     
| LED169     WS2812B     
| LED170     WS2812B     
| LED171     WS2812B     
| LED172     WS2812B     
| LED173     WS2812B     
| LED174     WS2812B     
| LED175     WS2812B     
| LED176     WS2812B     
| LED177     WS2812B     
| LED178     WS2812B     
| LED179     WS2812B     
| LED180     WS2812B     
| LED181     WS2812B     
| LED182     WS2812B     
| P1         ICSP        
| P2         FTDI        
| P3         LDR_header  
| P4         Button_Header
| P5         BARREL_JACK 
| R1         500R        
| R2         10K         
| R3         1M          
| R4         1M          
| R5         10K         
| R6         10K         
| R7         10K         
| R8         4K7         
| R9         4K7         
| S1         CONN_1      
| S2         CONN_1      
| S3         CONN_1      
| S4         CONN_1      
| S5         CONN_1      
| S6         CONN_1      
| S7         CONN_1      
| S8         CONN_1      
| S9         CONN_1      
| SW1        SW_RST      
| U1         ATMEGA328P  
| U2         DS3231N     
| X1         CRYSTAL     
#End Cmp

#Cmp ( order = Value )
| BATT_RTC     BT1       
| 22p          C5        
| 22p          C7        
| 100p         C2        
| 100p         C4        
| 100n         C1        
| 100n         C3        
| 100n         C6        
| 100n         C8        
| 100n         C9        
| 100n         C11       
| 100n         C12       
| 100n         C13       
| 100n         C14       
| 100n         C15       
| 100n         C16       
| 100n         C17       
| 100n         C18       
| 100n         C19       
| 100n         C20       
| 100n         C21       
| 100n         C22       
| 100n         C23       
| 100n         C24       
| 100n         C25       
| 100n         C26       
| 100n         C27       
| 100n         C28       
| 100n         C29       
| 100n         C30       
| 100n         C31       
| 100n         C32       
| 100n         C33       
| 100n         C34       
| 100n         C35       
| 100n         C36       
| 100n         C37       
| 100n         C38       
| 100n         C39       
| 100n         C40       
| 100n         C41       
| 100n         C42       
| 100n         C43       
| 100n         C44       
| 100n         C45       
| 100n         C46       
| 100n         C47       
| 100n         C48       
| 100n         C49       
| 100n         C50       
| 100n         C51       
| 100n         C52       
| 100n         C53       
| 100n         C54       
| 100n         C55       
| 100n         C56       
| 100n         C57       
| 100n         C58       
| 100n         C59       
| 100n         C60       
| 100n         C61       
| 100n         C62       
| 100n         C63       
| 100n         C64       
| 100n         C65       
| 100n         C66       
| 100n         C67       
| 100n         C68       
| 100n         C69       
| 100n         C70       
| 100n         C71       
| 100n         C72       
| 100n         C73       
| 100n         C74       
| 100n         C75       
| 100n         C76       
| 100n         C77       
| 100n         C78       
| 100n         C79       
| 100n         C80       
| 100n         C81       
| 100n         C82       
| 100n         C83       
| 100n         C84       
| 100n         C85       
| 100n         C86       
| 100n         C87       
| 100n         C88       
| 100n         C89       
| 100n         C90       
| 100n         C91       
| 100n         C92       
| 100n         C93       
| 100n         C94       
| 100n         C95       
| 100n         C96       
| 100n         C97       
| 100n         C98       
| 100n         C99       
| 100n         C100      
| 100n         C101      
| 100n         C102      
| 100n         C103      
| 100n         C104      
| 100n         C105      
| 100n         C106      
| 100n         C107      
| 100n         C108      
| 100n         C109      
| 100n         C110      
| 100n         C111      
| 100n         C112      
| 100n         C113      
| 100n         C114      
| 100n         C115      
| 100n         C116      
| 100n         C117      
| 100n         C118      
| 100n         C119      
| 100n         C120      
| 100n         C121      
| 100n         C122      
| 100n         C123      
| 100n         C124      
| 100n         C125      
| 100n         C126      
| 100n         C127      
| 100n         C128      
| 100n         C129      
| 100n         C130      
| 100n         C131      
| 100n         C132      
| 100n         C133      
| 100n         C134      
| 100n         C135      
| 100n         C136      
| 100n         C137      
| 100n         C138      
| 100n         C139      
| 100n         C140      
| 100n         C141      
| 100n         C142      
| 100n         C143      
| 100n         C144      
| 100n         C145      
| 100n         C146      
| 100n         C147      
| 100n         C148      
| 100n         C149      
| 100n         C150      
| 100n         C151      
| 100n         C152      
| 100n         C153      
| 100n         C154      
| 100n         C155      
| 100n         C156      
| 100n         C157      
| 100n         C158      
| 100n         C159      
| 100n         C160      
| 100n         C161      
| 100n         C162      
| 100n         C163      
| 100n         C164      
| 100n         C165      
| 100n         C166      
| 100n         C167      
| 100n         C168      
| 100n         C169      
| 100n         C170      
| 100n         C171      
| 100n         C172      
| 100n         C173      
| 100n         C174      
| 100n         C175      
| 100n         C176      
| 100n         C177      
| 100n         C178      
| 100n         C179      
| 100n         C180      
| 100n         C181      
| 100n         C182      
| 100n         C183      
| 100n         C184      
| 100n         C185      
| 100n         C186      
| 100n         C187      
| 100n         C188      
| 100n         C189      
| 100n         C190      
| 100n         C191      
| 100n         C192      
| 100n         C193      
| 47u          C10       
| 47u          C194      
| 47u          C195      
| 47u          C196      
| Wyolum       L2        
| OSHW         L1        
| LDR          LDR1      
| WS2812B      LED1      
| WS2812B      LED2      
| WS2812B      LED3      
| WS2812B      LED4      
| WS2812B      LED5      
| WS2812B      LED6      
| WS2812B      LED7      
| WS2812B      LED8      
| WS2812B      LED9      
| WS2812B      LED10     
| WS2812B      LED11     
| WS2812B      LED12     
| WS2812B      LED13     
| WS2812B      LED14     
| WS2812B      LED15     
| WS2812B      LED16     
| WS2812B      LED17     
| WS2812B      LED18     
| WS2812B      LED19     
| WS2812B      LED20     
| WS2812B      LED21     
| WS2812B      LED22     
| WS2812B      LED23     
| WS2812B      LED24     
| WS2812B      LED25     
| WS2812B      LED26     
| WS2812B      LED27     
| WS2812B      LED28     
| WS2812B      LED29     
| WS2812B      LED30     
| WS2812B      LED31     
| WS2812B      LED32     
| WS2812B      LED33     
| WS2812B      LED34     
| WS2812B      LED35     
| WS2812B      LED36     
| WS2812B      LED37     
| WS2812B      LED38     
| WS2812B      LED39     
| WS2812B      LED40     
| WS2812B      LED41     
| WS2812B      LED42     
| WS2812B      LED43     
| WS2812B      LED44     
| WS2812B      LED45     
| WS2812B      LED46     
| WS2812B      LED47     
| WS2812B      LED48     
| WS2812B      LED49     
| WS2812B      LED50     
| WS2812B      LED51     
| WS2812B      LED52     
| WS2812B      LED53     
| WS2812B      LED54     
| WS2812B      LED55     
| WS2812B      LED56     
| WS2812B      LED57     
| WS2812B      LED58     
| WS2812B      LED59     
| WS2812B      LED60     
| WS2812B      LED61     
| WS2812B      LED62     
| WS2812B      LED63     
| WS2812B      LED64     
| WS2812B      LED65     
| WS2812B      LED66     
| WS2812B      LED67     
| WS2812B      LED68     
| WS2812B      LED69     
| WS2812B      LED70     
| WS2812B      LED71     
| WS2812B      LED72     
| WS2812B      LED73     
| WS2812B      LED74     
| WS2812B      LED75     
| WS2812B      LED76     
| WS2812B      LED77     
| WS2812B      LED78     
| WS2812B      LED79     
| WS2812B      LED80     
| WS2812B      LED81     
| WS2812B      LED82     
| WS2812B      LED83     
| WS2812B      LED84     
| WS2812B      LED85     
| WS2812B      LED86     
| WS2812B      LED87     
| WS2812B      LED88     
| WS2812B      LED89     
| WS2812B      LED90     
| WS2812B      LED91     
| WS2812B      LED92     
| WS2812B      LED93     
| WS2812B      LED94     
| WS2812B      LED95     
| WS2812B      LED96     
| WS2812B      LED97     
| WS2812B      LED98     
| WS2812B      LED99     
| WS2812B      LED100    
| WS2812B      LED101    
| WS2812B      LED102    
| WS2812B      LED103    
| WS2812B      LED104    
| WS2812B      LED105    
| WS2812B      LED106    
| WS2812B      LED107    
| WS2812B      LED108    
| WS2812B      LED109    
| WS2812B      LED110    
| WS2812B      LED111    
| WS2812B      LED112    
| WS2812B      LED113    
| WS2812B      LED114    
| WS2812B      LED115    
| WS2812B      LED116    
| WS2812B      LED117    
| WS2812B      LED118    
| WS2812B      LED119    
| WS2812B      LED120    
| WS2812B      LED121    
| WS2812B      LED122    
| WS2812B      LED123    
| WS2812B      LED124    
| WS2812B      LED125    
| WS2812B      LED126    
| WS2812B      LED127    
| WS2812B      LED128    
| WS2812B      LED129    
| WS2812B      LED130    
| WS2812B      LED131    
| WS2812B      LED132    
| WS2812B      LED133    
| WS2812B      LED134    
| WS2812B      LED135    
| WS2812B      LED136    
| WS2812B      LED137    
| WS2812B      LED138    
| WS2812B      LED139    
| WS2812B      LED140    
| WS2812B      LED141    
| WS2812B      LED142    
| WS2812B      LED143    
| WS2812B      LED144    
| WS2812B      LED145    
| WS2812B      LED146    
| WS2812B      LED147    
| WS2812B      LED148    
| WS2812B      LED149    
| WS2812B      LED150    
| WS2812B      LED151    
| WS2812B      LED152    
| WS2812B      LED153    
| WS2812B      LED154    
| WS2812B      LED155    
| WS2812B      LED156    
| WS2812B      LED157    
| WS2812B      LED158    
| WS2812B      LED159    
| WS2812B      LED160    
| WS2812B      LED161    
| WS2812B      LED162    
| WS2812B      LED163    
| WS2812B      LED164    
| WS2812B      LED165    
| WS2812B      LED166    
| WS2812B      LED167    
| WS2812B      LED168    
| WS2812B      LED169    
| WS2812B      LED170    
| WS2812B      LED171    
| WS2812B      LED172    
| WS2812B      LED173    
| WS2812B      LED174    
| WS2812B      LED175    
| WS2812B      LED176    
| WS2812B      LED177    
| WS2812B      LED178    
| WS2812B      LED179    
| WS2812B      LED180    
| WS2812B      LED181    
| WS2812B      LED182    
| ICSP         P1        
| FTDI         P2        
| LDR_header   P3        
| Button_Header P4        
| BARREL_JACK  P5        
| 500R         R1        
| 4K7          R8        
| 4K7          R9        
| 10K          R2        
| 10K          R5        
| 10K          R6        
| 10K          R7        
| 1M           R3        
| 1M           R4        
| CONN_1       S1        
| CONN_1       S2        
| CONN_1       S3        
| CONN_1       S4        
| CONN_1       S5        
| CONN_1       S6        
| CONN_1       S7        
| CONN_1       S8        
| CONN_1       S9        
| SW_RST       SW1       
| ATMEGA328P   U1        
| DS3231N      U2        
| CRYSTAL      X1        
#End Cmp

#End List
